[    0.000000] Linux version 4.15.0-212-generic (buildd@lcy02-amd64-083) (gcc version 7.5.0 (Ubuntu 7.5.0-3ubuntu1~18.04)) #223-Ubuntu SMP Tue May 23 13:09:22 UTC 2023 (Ubuntu 4.15.0-212.223-generic 4.15.18)
[    0.000000] Command line: BOOT_IMAGE=/boot/vmlinuz-4.15.0-212-generic root=LABEL=cloudimg-rootfs ro console=tty1 console=ttyS0
[    0.000000] KERNEL supported cpus:
[    0.000000]   Intel GenuineIntel
[    0.000000]   AMD AuthenticAMD
[    0.000000]   Centaur CentaurHauls
[    0.000000] [Firmware Bug]: TSC doesn't count with P0 frequency!
[    0.000000] x86/fpu: x87 FPU will use FXSAVE
[    0.000000] e820: BIOS-provided physical RAM map:
[    0.000000] BIOS-e820: [mem 0x0000000000000000-0x000000000009fbff] usable
[    0.000000] BIOS-e820: [mem 0x000000000009fc00-0x000000000009ffff] reserved
[    0.000000] BIOS-e820: [mem 0x00000000000f0000-0x00000000000fffff] reserved
[    0.000000] BIOS-e820: [mem 0x0000000000100000-0x000000003ffeffff] usable
[    0.000000] BIOS-e820: [mem 0x000000003fff0000-0x000000003fffffff] ACPI data
[    0.000000] BIOS-e820: [mem 0x00000000fec00000-0x00000000fec00fff] reserved
[    0.000000] BIOS-e820: [mem 0x00000000fee00000-0x00000000fee00fff] reserved
[    0.000000] BIOS-e820: [mem 0x00000000fffc0000-0x00000000ffffffff] reserved
[    0.000000] NX (Execute Disable) protection: active
[    0.000000] SMBIOS 2.5 present.
[    0.000000] DMI: innotek GmbH VirtualBox/VirtualBox, BIOS VirtualBox 12/01/2006
[    0.000000] Hypervisor detected: KVM
[    0.000000] e820: last_pfn = 0x3fff0 max_arch_pfn = 0x400000000
[    0.000000] MTRR: Disabled
[    0.000000] x86/PAT: MTRRs disabled, skipping PAT initialization too.
[    0.000000] CPU MTRRs all blank - virtualized system.
[    0.000000] x86/PAT: Configuration [0-7]: WB  WT  UC- UC  WB  WT  UC- UC  
[    0.000000] found SMP MP-table at [mem 0x0009fff0-0x0009ffff]
[    0.000000] Scanning 1 areas for low memory corruption
[    0.000000] RAMDISK: [mem 0x359cb000-0x36cdcfff]
[    0.000000] ACPI: Early table checksum verification disabled
[    0.000000] ACPI: RSDP 0x00000000000E0000 000024 (v02 VBOX  )
[    0.000000] ACPI: XSDT 0x000000003FFF0030 00003C (v01 VBOX   VBOXXSDT 00000001 ASL  00000061)
[    0.000000] ACPI: FACP 0x000000003FFF00F0 0000F4 (v04 VBOX   VBOXFACP 00000001 ASL  00000061)
[    0.000000] ACPI: DSDT 0x000000003FFF0610 002353 (v02 VBOX   VBOXBIOS 00000002 INTL 20100528)
[    0.000000] ACPI: FACS 0x000000003FFF0200 000040
[    0.000000] ACPI: FACS 0x000000003FFF0200 000040
[    0.000000] ACPI: APIC 0x000000003FFF0240 00005C (v02 VBOX   VBOXAPIC 00000001 ASL  00000061)
[    0.000000] ACPI: SSDT 0x000000003FFF02A0 00036C (v01 VBOX   VBOXCPUT 00000002 INTL 20100528)
[    0.000000] ACPI: Reserving FACP table memory at [mem 0x3fff00f0-0x3fff01e3]
[    0.000000] ACPI: Reserving DSDT table memory at [mem 0x3fff0610-0x3fff2962]
[    0.000000] ACPI: Reserving FACS table memory at [mem 0x3fff0200-0x3fff023f]
[    0.000000] ACPI: Reserving FACS table memory at [mem 0x3fff0200-0x3fff023f]
[    0.000000] ACPI: Reserving APIC table memory at [mem 0x3fff0240-0x3fff029b]
[    0.000000] ACPI: Reserving SSDT table memory at [mem 0x3fff02a0-0x3fff060b]
[    0.000000] No NUMA configuration found
[    0.000000] Faking a node at [mem 0x0000000000000000-0x000000003ffeffff]
[    0.000000] NODE_DATA(0) allocated [mem 0x3ffc5000-0x3ffeffff]
[    0.000000] kvm-clock: cpu 0, msr 0:3ff44001, primary cpu clock
[    0.000000] kvm-clock: Using msrs 4b564d01 and 4b564d00
[    0.000000] kvm-clock: using sched offset of 3721817302 cycles
[    0.000000] clocksource: kvm-clock: mask: 0xffffffffffffffff max_cycles: 0x1cd42e4dffb, max_idle_ns: 881590591483 ns
[    0.000000] Zone ranges:
[    0.000000]   DMA      [mem 0x0000000000001000-0x0000000000ffffff]
[    0.000000]   DMA32    [mem 0x0000000001000000-0x000000003ffeffff]
[    0.000000]   Normal   empty
[    0.000000]   Device   empty
[    0.000000] Movable zone start for each node
[    0.000000] Early memory node ranges
[    0.000000]   node   0: [mem 0x0000000000001000-0x000000000009efff]
[    0.000000]   node   0: [mem 0x0000000000100000-0x000000003ffeffff]
[    0.000000] Reserved but unavailable: 104 pages
[    0.000000] Initmem setup node 0 [mem 0x0000000000001000-0x000000003ffeffff]
[    0.000000] ACPI: PM-Timer IO Port: 0x4008
[    0.000000] IOAPIC[0]: apic_id 2, version 32, address 0xfec00000, GSI 0-23
[    0.000000] ACPI: INT_SRC_OVR (bus 0 bus_irq 0 global_irq 2 dfl dfl)
[    0.000000] ACPI: INT_SRC_OVR (bus 0 bus_irq 9 global_irq 9 low level)
[    0.000000] Using ACPI (MADT) for SMP configuration information
[    0.000000] smpboot: Allowing 2 CPUs, 0 hotplug CPUs
[    0.000000] PM: Registered nosave memory: [mem 0x00000000-0x00000fff]
[    0.000000] PM: Registered nosave memory: [mem 0x0009f000-0x0009ffff]
[    0.000000] PM: Registered nosave memory: [mem 0x000a0000-0x000effff]
[    0.000000] PM: Registered nosave memory: [mem 0x000f0000-0x000fffff]
[    0.000000] e820: [mem 0x40000000-0xfebfffff] available for PCI devices
[    0.000000] Booting paravirtualized kernel on KVM
[    0.000000] clocksource: refined-jiffies: mask: 0xffffffff max_cycles: 0xffffffff, max_idle_ns: 7645519600211568 ns
[    0.000000] setup_percpu: NR_CPUS:8192 nr_cpumask_bits:2 nr_cpu_ids:2 nr_node_ids:1
[    0.000000] percpu: Embedded 50 pages/cpu s167936 r8192 d28672 u1048576
[    0.000000] PV qspinlock hash table entries: 256 (order: 0, 4096 bytes)
[    0.000000] Built 1 zonelists, mobility grouping on.  Total pages: 257913
[    0.000000] Policy zone: DMA32
[    0.000000] Kernel command line: BOOT_IMAGE=/boot/vmlinuz-4.15.0-212-generic root=LABEL=cloudimg-rootfs ro console=tty1 console=ttyS0
[    0.000000] Memory: 982644K/1048120K available (12300K kernel code, 2477K rwdata, 4324K rodata, 2480K init, 2720K bss, 65476K reserved, 0K cma-reserved)
[    0.000000] SLUB: HWalign=64, Order=0-3, MinObjects=0, CPUs=2, Nodes=1
[    0.000000] ftrace: allocating 39508 entries in 155 pages
[    0.004000] Hierarchical RCU implementation.
[    0.004000] 	RCU restricting CPUs from NR_CPUS=8192 to nr_cpu_ids=2.
[    0.004000] 	Tasks RCU enabled.
[    0.004000] RCU: Adjusting geometry for rcu_fanout_leaf=16, nr_cpu_ids=2
[    0.004000] NR_IRQS: 524544, nr_irqs: 440, preallocated irqs: 16
[    0.004000] random: crng init done
[    0.004000] Console: colour VGA+ 80x25
[    0.004000] console [tty1] enabled
[    0.004000] console [ttyS0] enabled
[    0.004000] ACPI: Core revision 20170831
[    0.004000] ACPI: 2 ACPI AML tables successfully acquired and loaded
[    0.004000] APIC: Switch to symmetric I/O mode setup
[    0.004000] ..TIMER: vector=0x30 apic1=0 pin1=2 apic2=-1 pin2=-1
[    0.004006] tsc: Detected 2894.454 MHz processor
[    0.008008] Calibrating delay loop (skipped) preset value.. 5788.90 BogoMIPS (lpj=11577816)
[    0.012007] pid_max: default: 32768 minimum: 301
[    0.015684] Security Framework initialized
[    0.016003] Yama: becoming mindful.
[    0.020082] AppArmor: AppArmor initialized
[    0.030258] Dentry cache hash table entries: 131072 (order: 8, 1048576 bytes)
[    0.037206] Inode-cache hash table entries: 65536 (order: 7, 524288 bytes)
[    0.040086] Mount-cache hash table entries: 2048 (order: 2, 16384 bytes)
[    0.044084] Mountpoint-cache hash table entries: 2048 (order: 2, 16384 bytes)
[    0.052762] Last level iTLB entries: 4KB 1024, 2MB 1024, 4MB 512
[    0.056005] Last level dTLB entries: 4KB 2048, 2MB 2048, 4MB 1024, 1GB 0
[    0.060007] Spectre V1 : Mitigation: usercopy/swapgs barriers and __user pointer sanitization
[    0.064006] Spectre V2 : Mitigation: Retpolines
[    0.068002] Spectre V2 : Spectre v2 / SpectreRSB mitigation: Filling RSB on context switch
[    0.072005] Spectre V2 : Spectre v2 / SpectreRSB : Filling RSB on VMEXIT
[    0.076003] RETBleed: Vulnerable
[    0.080158] Freeing SMP alternatives memory: 36K
[    0.196894] smpboot: CPU0: AMD Ryzen 7 4800H with Radeon Graphics (family: 0x17, model: 0x60, stepping: 0x1)
[    0.200446] Performance Events: PMU not available due to virtualization, using software events only.
[    0.204113] Hierarchical SRCU implementation.
[    0.208712] NMI watchdog: Perf event create on CPU 0 failed with -2
[    0.212006] NMI watchdog: Perf NMI watchdog permanently disabled
[    0.220337] smp: Bringing up secondary CPUs ...
[    0.225002] x86: Booting SMP configuration:
[    0.228003] .... node  #0, CPUs:      #1
[    0.004000] kvm-clock: cpu 1, msr 0:3ff44041, secondary cpu clock
[    0.240000] TSC synchronization [CPU#0 -> CPU#1]:
[    0.240000] Measured 60234 cycles TSC warp between CPUs, turning off TSC clock.
[    0.240000] tsc: Marking TSC unstable due to check_tsc_sync_source failed
[    0.240254] smp: Brought up 1 node, 2 CPUs
[    0.244011] smpboot: Max logical packages: 1
[    0.248005] smpboot: Total of 2 processors activated (11577.81 BogoMIPS)
[    0.252929] devtmpfs: initialized
[    0.256457] x86/mm: Memory block size: 128MB
[    0.264431] evm: security.selinux
[    0.268003] evm: security.SMACK64
[    0.272004] evm: security.SMACK64EXEC
[    0.276004] evm: security.SMACK64TRANSMUTE
[    0.280004] evm: security.SMACK64MMAP
[    0.284003] evm: security.apparmor
[    0.288005] evm: security.ima
[    0.292004] evm: security.capability
[    0.300202] clocksource: jiffies: mask: 0xffffffff max_cycles: 0xffffffff, max_idle_ns: 7645041785100000 ns
[    0.308120] futex hash table entries: 512 (order: 3, 32768 bytes)
[    0.316384] pinctrl core: initialized pinctrl subsystem
[    0.320433] RTC time: 10:10:06, date: 06/22/25
[    0.329089] NET: Registered protocol family 16
[    0.336155] audit: initializing netlink subsys (disabled)
[    0.340314] audit: type=2000 audit(1750587011.377:1): state=initialized audit_enabled=0 res=1
[    0.344277] cpuidle: using governor ladder
[    0.348225] cpuidle: using governor menu
[    0.356582] ACPI: bus type PCI registered
[    0.360010] acpiphp: ACPI Hot Plug PCI Controller Driver version: 0.5
[    0.364560] PCI: Using configuration type 1 for base access
[    0.372005] PCI: Using configuration type 1 for extended access
[    0.380516] HugeTLB registered 2.00 MiB page size, pre-allocated 0 pages
[    0.388363] ACPI: Added _OSI(Module Device)
[    0.392097] ACPI: Added _OSI(Processor Device)
[    0.396009] ACPI: Added _OSI(3.0 _SCP Extensions)
[    0.400008] ACPI: Added _OSI(Processor Aggregator Device)
[    0.404000] ACPI: Added _OSI(Linux-Dell-Video)
[    0.404010] ACPI: Added _OSI(Linux-Lenovo-NV-HDMI-Audio)
[    0.408007] ACPI: Added _OSI(Linux-HPI-Hybrid-Graphics)
[    0.412883] ACPI: Executed 1 blocks of module-level executable AML code
[    0.423634] ACPI: Interpreter enabled
[    0.424014] ACPI: (supports S0 S5)
[    0.428003] ACPI: Using IOAPIC for interrupt routing
[    0.432422] PCI: Using host bridge windows from ACPI; if necessary, use "pci=nocrs" and report a bug
[    0.436260] ACPI: Enabled 2 GPEs in block 00 to 07
[    0.450569] ACPI: PCI Root Bridge [PCI0] (domain 0000 [bus 00-ff])
[    0.456036] acpi PNP0A03:00: _OSC: OS supports [ExtendedConfig ASPM ClockPM Segments MSI]
[    0.464607] acpi PNP0A03:00: _OSC: platform does not support [PCIeCapability]
[    0.468815] acpi PNP0A03:00: _OSC: not requesting control; platform does not support [PCIeCapability]
[    0.472011] acpi PNP0A03:00: _OSC: OS requested [PCIeHotplug PME AER PCIeCapability]
[    0.476010] acpi PNP0A03:00: _OSC: platform willing to grant [PCIeHotplug PME AER]
[    0.480010] acpi PNP0A03:00: _OSC failed (AE_SUPPORT); disabling ASPM
[    0.484818] PCI host bridge to bus 0000:00
[    0.488010] pci_bus 0000:00: root bus resource [io  0x0000-0x0cf7 window]
[    0.492010] pci_bus 0000:00: root bus resource [io  0x0d00-0xffff window]
[    0.496010] pci_bus 0000:00: root bus resource [mem 0x000a0000-0x000bffff window]
[    0.500010] pci_bus 0000:00: root bus resource [mem 0x40000000-0xfdffffff window]
[    0.504010] pci_bus 0000:00: root bus resource [bus 00-ff]
[    0.515090] pci 0000:00:01.1: legacy IDE quirk: reg 0x10: [io  0x01f0-0x01f7]
[    0.516006] pci 0000:00:01.1: legacy IDE quirk: reg 0x14: [io  0x03f6]
[    0.520004] pci 0000:00:01.1: legacy IDE quirk: reg 0x18: [io  0x0170-0x0177]
[    0.524004] pci 0000:00:01.1: legacy IDE quirk: reg 0x1c: [io  0x0376]
[    0.547129] pci 0000:00:07.0: quirk: [io  0x4000-0x403f] claimed by PIIX4 ACPI
[    0.548044] pci 0000:00:07.0: quirk: [io  0x4100-0x410f] claimed by PIIX4 SMB
[    0.565915] ACPI: PCI Interrupt Link [LNKA] (IRQs 5 9 10 *11)
[    0.568577] ACPI: PCI Interrupt Link [LNKB] (IRQs 5 9 *10 11)
[    0.572205] ACPI: PCI Interrupt Link [LNKC] (IRQs 5 *9 10 11)
[    0.576252] ACPI: PCI Interrupt Link [LNKD] (IRQs 5 9 10 *11)
[    0.580699] SCSI subsystem initialized
[    0.588180] pci 0000:00:02.0: vgaarb: setting as boot VGA device
[    0.592000] pci 0000:00:02.0: vgaarb: VGA device added: decodes=io+mem,owns=io+mem,locks=none
[    0.592015] pci 0000:00:02.0: vgaarb: bridge control possible
[    0.596008] vgaarb: loaded
[    0.600111] ACPI: bus type USB registered
[    0.604077] usbcore: registered new interface driver usbfs
[    0.608031] usbcore: registered new interface driver hub
[    0.612034] usbcore: registered new device driver usb
[    0.616397] EDAC MC: Ver: 3.0.0
[    0.624607] PCI: Using ACPI for IRQ routing
[    0.628842] NetLabel: Initializing
[    0.632006] NetLabel:  domain hash size = 128
[    0.636005] NetLabel:  protocols = UNLABELED CIPSOv4 CALIPSO
[    0.640051] NetLabel:  unlabeled traffic allowed by default
[    0.644336] clocksource: Switched to clocksource kvm-clock
[    0.684426] VFS: Disk quotas dquot_6.6.0
[    0.694589] VFS: Dquot-cache hash table entries: 512 (order 0, 4096 bytes)
[    0.700922] AppArmor: AppArmor Filesystem Enabled
[    0.705419] pnp: PnP ACPI init
[    0.710307] pnp: PnP ACPI: found 3 devices
[    0.751730] clocksource: acpi_pm: mask: 0xffffff max_cycles: 0xffffff, max_idle_ns: 2085701024 ns
[    0.759373] NET: Registered protocol family 2
[    0.764053] IP idents hash table entries: 16384 (order: 5, 131072 bytes)
[    0.769937] TCP established hash table entries: 8192 (order: 4, 65536 bytes)
[    0.776298] TCP bind hash table entries: 8192 (order: 5, 131072 bytes)
[    0.782325] TCP: Hash tables configured (established 8192 bind 8192)
[    0.788088] UDP hash table entries: 512 (order: 2, 16384 bytes)
[    0.793234] UDP-Lite hash table entries: 512 (order: 2, 16384 bytes)
[    0.798729] NET: Registered protocol family 1
[    0.802711] pci 0000:00:00.0: Limiting direct PCI/PCI transfers
[    0.807896] pci 0000:00:01.0: Activating ISA DMA hang workarounds
[    0.813110] pci 0000:00:02.0: Video device with shadowed ROM at [mem 0x000c0000-0x000dffff]
[    0.820365] Unpacking initramfs...
[    0.873722] Freeing initrd memory: 19528K
[    1.248159] clocksource: tsc: mask: 0xffffffffffffffff max_cycles: 0x29b8cbf258d, max_idle_ns: 440795282184 ns
[    1.256120] platform rtc_cmos: registered platform RTC device (no PNP device found)
[    1.262392] Scanning for low memory corruption every 60 seconds
[    1.269865] Initialise system trusted keyrings
[    1.273940] Key type blacklist registered
[    1.278241] workingset: timestamp_bits=36 max_order=18 bucket_order=0
[    1.285353] zbud: loaded
[    1.289565] squashfs: version 4.0 (2009/01/31) Phillip Lougher
[    1.295780] fuse init (API version 7.26)
[    1.325772] Key type asymmetric registered
[    1.328992] Asymmetric key parser 'x509' registered
[    1.332791] Block layer SCSI generic (bsg) driver version 0.4 loaded (major 246)
[    1.338810] io scheduler noop registered
[    1.342217] io scheduler deadline registered
[    1.346174] io scheduler cfq registered (default)
[    1.350644] ACPI: AC Adapter [AC] (on-line)
[    1.354284] input: Power Button as /devices/LNXSYSTM:00/LNXPWRBN:00/input/input0
[    1.360539] ACPI: Power Button [PWRF]
[    1.363581] input: Sleep Button as /devices/LNXSYSTM:00/LNXSLPBN:00/input/input1
[    1.369511] ACPI: Sleep Button [SLPF]
[    1.375621] ACPI: Battery Slot [BAT0] (battery present)
[    1.380831] Serial: 8250/16550 driver, 32 ports, IRQ sharing enabled
[    1.412457] 00:02: ttyS0 at I/O 0x3f8 (irq = 4, base_baud = 115200) is a 16550A
[    1.432860] Linux agpgart interface v0.103
[    1.444224] loop: module loaded
[    1.449905] scsi host0: ata_piix
[    1.453720] scsi host1: ata_piix
[    1.456897] ata1: PATA max UDMA/33 cmd 0x1f0 ctl 0x3f6 bmdma 0xd000 irq 14
[    1.462602] ata2: PATA max UDMA/33 cmd 0x170 ctl 0x376 bmdma 0xd008 irq 15
[    1.468366] tun: Universal TUN/TAP device driver, 1.6
[    1.473413] PPP generic driver version 2.4.2
[    1.477728] ehci_hcd: USB 2.0 'Enhanced' Host Controller (EHCI) Driver
[    1.483299] ehci-pci: EHCI PCI platform driver
[    1.487517] ehci-platform: EHCI generic platform driver
[    1.492212] ohci_hcd: USB 1.1 'Open' Host Controller (OHCI) Driver
[    1.497608] ohci-pci: OHCI PCI platform driver
[    1.501527] ohci-platform: OHCI generic platform driver
[    1.506155] uhci_hcd: USB Universal Host Controller Interface driver
[    1.511517] i8042: PNP: PS/2 Controller [PNP0303:PS2K,PNP0f03:PS2M] at 0x60,0x64 irq 1,12
[    1.521278] serio: i8042 KBD port at 0x60,0x64 irq 1
[    1.525764] serio: i8042 AUX port at 0x60,0x64 irq 12
[    1.531392] mousedev: PS/2 mouse device common for all mice
[    1.538438] input: AT Translated Set 2 keyboard as /devices/platform/i8042/serio0/input/input2
[    1.542311] rtc_cmos rtc_cmos: rtc core: registered rtc_cmos as rtc0
[    1.551198] rtc_cmos rtc_cmos: alarms up to one day, 114 bytes nvram
[    1.556167] i2c /dev entries driver
[    1.559091] device-mapper: uevent: version 1.0.3
[    1.563234] device-mapper: ioctl: 4.37.0-ioctl (2017-09-20) initialised: dm-devel@redhat.com
[    1.570130] ledtrig-cpu: registered to indicate activity on CPUs
[    1.577824] NET: Registered protocol family 10
[    1.590446] Segment Routing with IPv6
[    1.593916] NET: Registered protocol family 17
[    1.597753] Key type dns_resolver registered
[    1.602612] mce: Using 0 MCE banks
[    1.605880] RAS: Correctable Errors collector initialized.
[    1.610610] sched_clock: Marking stable (1610558692, 0)->(2239286520, -628727828)
[    1.619756] registered taskstats version 1
[    1.623488] Loading compiled-in X.509 certificates
[    1.657613] Loaded X.509 cert 'Build time autogenerated kernel key: b5b26778eaa3ab3a4a6cee031137706e947d12ad'
[    1.665728] Loaded X.509 cert 'Canonical Ltd. Live Patch Signing: 14df34d1a87cf37625abec039ef2bf521249b969'
[    1.673683] Loaded X.509 cert 'Canonical Ltd. Kernel Module Signing: 88f752e560a1e0737e31163a466ad7b70a850c19'
[    1.681413] blacklist: Loading compiled-in revocation X.509 certificates
[    1.686937] Loaded X.509 cert 'Canonical Ltd. Secure Boot Signing: 61482aa2830d0ab2ad5af10b7250da9033ddcef0'
[    1.694742] Loaded X.509 cert 'Canonical Ltd. Secure Boot Signing (2017): 242ade75ac4a15e50d50c84b0d45ff3eae707a03'
[    1.702755] Loaded X.509 cert 'Canonical Ltd. Secure Boot Signing (ESM 2018): 365188c1d374d6b07c3c8f240f8ef722433d6a8b'
[    1.711032] Loaded X.509 cert 'Canonical Ltd. Secure Boot Signing (2019): c0746fd6c5da3ae827864651ad66ae47fe24b3e8'
[    1.719155] Loaded X.509 cert 'Canonical Ltd. Secure Boot Signing (2021 v1): a8d54bbb3825cfb94fa13c9f8a594a195c107b8d'
[    1.727361] Loaded X.509 cert 'Canonical Ltd. Secure Boot Signing (2021 v2): 4cf046892d6fd3c9a5b03f98d845f90851dc6a8c'
[    1.736094] Loaded X.509 cert 'Canonical Ltd. Secure Boot Signing (2021 v3): 100437bb6de6e469b581e61cd66bce3ef4ed53af'
[    1.744479] Loaded X.509 cert 'Canonical Ltd. Secure Boot Signing (Ubuntu Core 2019): c1d57b8f6b743f23ee41f4f7ee292f06eecadfb9'
[    1.753351] zswap: loaded using pool lzo/zbud
[    1.765176] Key type big_key registered
[    1.768803] Key type trusted registered
[    1.775325] Key type encrypted registered
[    1.779271] AppArmor: AppArmor sha1 policy hashing enabled
[    1.784155] ima: No TPM chip found, activating TPM-bypass! (rc=-19)
[    1.789422] ima: Allocated hash algorithm: sha1
[    1.793477] evm: HMAC attrs: 0x1
[    1.797514]   Magic number: 13:329:174
[    1.801545] rtc_cmos rtc_cmos: setting system clock to 2025-06-22 10:10:08 UTC (1750587008)
[    1.809088] BIOS EDD facility v0.16 2004-Jun-25, 0 devices found
[    1.814460] EDD information not available.
[    1.821731] Freeing unused kernel image memory: 2480K
[    1.840457] Write protecting the kernel read-only data: 20480k
[    1.847855] Freeing unused kernel image memory: 2008K
[    1.852502] Freeing unused kernel image memory: 1820K
[    1.862539] x86/mm: Checked W+X mappings: passed, no W+X pages found.
Loading, please wait...
starting version 237
[    1.938486] e1000: Intel(R) PRO/1000 Network Driver - version 7.3.21-k8-NAPI
[    1.944755] e1000: Copyright (c) 1999-2006 Intel Corporation.
[    1.954299] Fusion MPT base driver 3.04.20
[    1.958147] Copyright (c) 1999-2008 LSI Corporation
[    1.974060] Fusion MPT SPI Host driver 3.04.20
[    1.989342] SSE version of gcm_enc/dec engaged.
[    2.176234] input: ImExPS/2 Generic Explorer Mouse as /devices/platform/i8042/serio1/input/input4
[    2.576689] e1000 0000:00:03.0 eth0: (PCI:33MHz:32-bit) 02:3b:7b:b7:3b:2d
[    2.582258] e1000 0000:00:03.0 eth0: Intel(R) PRO/1000 Network Connection
[    2.590072] mptbase: ioc0: Initiating bringup
[    3.459675] ioc0: LSI53C1030 A0: Capabilities={Initiator}
[    3.717063] scsi host2: ioc0: LSI53C1030 A0, FwRev=00000000h, Ports=1, MaxQ=256, IRQ=20
[    3.890867] scsi 2:0:0:0: Direct-Access     VBOX     HARDDISK         1.0  PQ: 0 ANSI: 5
[    3.934335] scsi target2:0:0: Beginning Domain Validation
[    3.945621] scsi target2:0:0: Domain Validation skipping write tests
[    3.950660] scsi target2:0:0: Ending Domain Validation
[    3.955443] scsi target2:0:0: asynchronous
[    3.961028] scsi 2:0:1:0: Direct-Access     VBOX     HARDDISK         1.0  PQ: 0 ANSI: 5
[    4.249342] scsi target2:0:1: Beginning Domain Validation
[    4.261299] scsi target2:0:1: Domain Validation skipping write tests
[    4.267571] scsi target2:0:1: Ending Domain Validation
[    4.272320] scsi target2:0:1: asynchronous
[    4.286508] sd 2:0:0:0: Attached scsi generic sg0 type 0
[    4.291833] sd 2:0:0:0: [sda] 83886080 512-byte logical blocks: (42.9 GB/40.0 GiB)
[    4.298907] sd 2:0:1:0: [sdb] 20480 512-byte logical blocks: (10.5 MB/10.0 MiB)
[    4.304622] sd 2:0:0:0: [sda] Write Protect is off
[    4.309152] sd 2:0:1:0: [sdb] Write Protect is off
[    4.313110] sd 2:0:1:0: Attached scsi generic sg1 type 0
[    4.317956] sd 2:0:1:0: [sdb] Incomplete mode parameter data
[    4.322498] sd 2:0:1:0: [sdb] Assuming drive cache: write through
[    4.327802] sd 2:0:0:0: [sda] Incomplete mode parameter data
[    4.332512] sd 2:0:0:0: [sda] Assuming drive cache: write through
[    4.351214]  sda: sda1
[    4.360578] sd 2:0:1:0: [sdb] Attached SCSI disk
[    4.367387] sd 2:0:0:0: [sda] Attached SCSI disk
[    4.545048] e1000 0000:00:08.0 eth1: (PCI:33MHz:32-bit) 08:00:27:10:8e:3f
[    4.550824] e1000 0000:00:08.0 eth1: Intel(R) PRO/1000 Network Connection
[    4.559445] e1000 0000:00:08.0 enp0s8: renamed from eth1
[    4.577060] e1000 0000:00:03.0 enp0s3: renamed from eth0
Begin: Loading essential drivers ... [    6.392140] raid6: sse2x1   gen()  7446 MB/s
[    6.440159] raid6: sse2x1   xor()  7924 MB/s
[    6.488203] raid6: sse2x2   gen() 16073 MB/s
[    6.536108] raid6: sse2x2   xor() 10953 MB/s
[    6.584611] raid6: sse2x4   gen() 17298 MB/s
[    6.632403] raid6: sse2x4   xor()  9458 MB/s
[    6.635714] raid6: using algorithm sse2x4 gen() 17298 MB/s
[    6.640393] raid6: .... xor() 9458 MB/s, rmw enabled
[    6.644750] raid6: using ssse3x2 recovery algorithm
[    6.650462] xor: measuring software checksum speed
[   10.679102]    prefetch64-sse: 143096.704 MB/sec
[   11.786788]    generic_sse: 89405.000 MB/sec
[   11.790894] xor: using function: prefetch64-sse (143096.704 MB/sec)
[   11.798529] async_tx: api initialized (async)
done.
Begin: Running /scripts/init-premount ... done.
Begin: Mounting root file system ... Begin: Running /scripts/local-top ... done.
Begin: Running /scripts/local-premount ... [   11.862133] Btrfs loaded, crc32c=crc32c-intel
Scanning for Btrfs filesystems
done.
Warning: fsck not present, so skipping root file system
[   11.919738] EXT4-fs (sda1): mounted filesystem with ordered data mode. Opts: (null)
done.
Begin: Running /scripts/local-bottom ... done.
Begin: Running /scripts/init-bottom ... done.
[   12.165356] ip_tables: (C) 2000-2006 Netfilter Core Team
[   12.183857] systemd[1]: systemd 237 running in system mode. (+PAM +AUDIT +SELINUX +IMA +APPARMOR +SMACK +SYSVINIT +UTMP +LIBCRYPTSETUP +GCRYPT +GNUTLS +ACL +XZ +LZ4 +SECCOMP +BLKID +ELFUTILS +KMOD -IDN2 +IDN -PCRE2 default-hierarchy=hybrid)
[   12.200570] systemd[1]: Detected virtualization oracle.
[   12.204796] systemd[1]: Detected architecture x86-64.

Welcome to [1mUbuntu 18.04.6 LTS[0m!

[   12.234933] systemd[1]: Set hostname to <ubuntu>.
[   12.246215] systemd[1]: Initializing machine ID from random generator.
[   12.252218] systemd[1]: Installed transient /etc/machine-id file.
[   12.581330] systemd[1]: Reached target Mounting snaps.
[[0;32m  OK  [0m] Reached target Mounting snaps.
[   12.587073] systemd[1]: Started Forward Password Requests to Wall Directory Watch.
[[0;32m  OK  [0m] Started Forward Password Requests to Wall Directory Watch.
[   12.604363] systemd[1]: Created slice System Slice.
[[0;32m  OK  [0m] Created slice System Slice.
[   12.610507] systemd[1]: Listening on LVM2 metadata daemon socket.
[[0;32m  OK  [0m] Listening on LVM2 metadata daemon socket.
[[0;32m  OK  [0m] Listening on Journal Socket (/dev/log).
[[0;32m  OK  [0m] Listening on fsck to fsckd communication Socket.
[[0;32m  OK  [0m] Listening on LVM2 poll daemon socket.
[[0;32m  OK  [0m] Listening on Network Service Netlink Socket.
[[0;32m  OK  [0m] Created slice system-serial\x2dgetty.slice.
[[0;32m  OK  [0m] Listening on /dev/initctl Compatibility Named Pipe.
[[0;32m  OK  [0m] Listening on Journal Audit Socket.
[[0;32m  OK  [0m] Reached target Swap.
[[0;32m  OK  [0m] Listening on Syslog Socket.
[[0;32m  OK  [0m] Reached target User and Group Name Lookups.
[[0;32m  OK  [0m] Listening on udev Kernel Socket.
[[0;32m  OK  [0m] Listening on udev Control Socket.
[[0;32m  OK  [0m] Reached target Mounted snaps.
[[0;32m  OK  [0m] Set up automount Arbitrary Executabâ€¦rmats File System Automount Point.
[[0;32m  OK  [0m] Created slice User and Session Slice.
[[0;32m  OK  [0m] Reached target Slices.
[[0;32m  OK  [0m] Reached target System Time Synchronized.
[[0;32m  OK  [0m] Listening on Device-mapper event daemon FIFOs.
[[0;32m  OK  [0m] Listening on Journal Socket.
         Starting Uncomplicated firewall...
         Starting udev Coldplug all Devices...
         Mounting Huge Pages File System...
         Starting Set the console keyboard layout...
         Mounting POSIX Message Queue File System...
         Starting Monitoring of LVM2 mirrorsâ€¦ng dmeventd or progress polling...
         Starting Create list of required stâ€¦ce nodes for the current kernel...
         Starting File System Check on Root Device...
         Mounting Kernel Debug File System...
         Starting Load Kernel Modules...
         Starting Journal Service...
[[0;32m  OK  [0m] Started Uncomplicated firewall.
[[0;32m  OK  [0m] Mounted Huge Pages File System.
[[0;32m  OK  [0m] Mounted POSIX Message Queue File System.
[[0;32m  OK  [0m] Started Create list of required staâ€¦vice nodes for the current kernel.
[[0;32m  OK  [0m] Mounted Kernel Debug File System.
[[0;32m  OK  [0m] Started File System Check Daemon to report status.
         Starting Create Static Device Nodes in /dev...
[   12.795956] Loading iSCSI transport class v2.0-870.
[[0;32m  OK  [0m] Started udev Coldplug all Devices.
[[0;32m  OK  [0m] Started Create Static Device Nodes in /dev.
[[0;32m  OK  [0m] Started File System Check on Root Device.
         Starting Remount Root and Kernel File Systems...
[[0;32m  OK  [0m] Started Journal Service.
[[0;32m  OK  [0m] Started LVM2 metadata daemon.
[   12.888249] iscsi: registered transport (tcp)
[   12.916300] iscsi: registered transport (iser)
[[0;32m  OK  [0m] Started Load Kernel Modules.
         Mounting FUSE Control File System...
         Mounting Kernel Configuration File System...
         Starting Apply Kernel Variables...
[[0;32m  OK  [0m] Mounted FUSE Control File System.
[[0;32m  OK  [0m] Mounted Kernel Configuration File System.
[[0;32m  OK  [0m] Started Remount Root and Kernel File Systems.
         Starting Load/Save Random Seed...
         Starting Flush Journal to Persistent Storage...
         Starting udev Kernel Device Manager...
[[0;32m  OK  [0m] Started Monitoring of LVM2 mirrors,â€¦sing dmeventd or progress polling.
[[0;32m  OK  [0m] Started Apply Kernel Variables.
[[0;32m  OK  [0m] Started Load/Save Random Seed.
[[0;32m  OK  [0m] Started udev Kernel Device Manager.
[[0;32m  OK  [0m] Started Flush Journal to Persistent Storage.
[[0;32m  OK  [0m] Found device /dev/ttyS0.
[[0;32m  OK  [0m] Started Set the console keyboard layout.
[[0;32m  OK  [0m] Started Dispatch Password Requests to Console Directory Watch.
[[0;32m  OK  [0m] Reached target Local Encrypted Volumes.
[[0;32m  OK  [0m] Reached target Local File Systems (Pre).
[[0;32m  OK  [0m] Reached target Local File Systems.
         Starting ebtables ruleset management...
         Starting Create Volatile Files and Directories...
         Starting Commit a transient machine-id on disk...
         Starting Set console font and keymap...
         Starting AppArmor initialization...
         Starting Tell Plymouth To Write Out Runtime Data...
[[0;32m  OK  [0m] Listening on Load/Save RF Kill Switch Status /dev/rfkill Watch.
[[0;32m  OK  [0m] Started Tell Plymouth To Write Out Runtime Data.
[[0;32m  OK  [0m] Started Create Volatile Files and Directories.
         Starting Update UTMP about System Boot/Shutdown...
[[0;32m  OK  [0m] Started Update UTMP about System Boot/Shutdown.
[[0;32m  OK  [0m] Started Commit a transient machine-id on disk.
[[0;32m  OK  [0m] Started ebtables ruleset management.
         Mounting Arbitrary Executable File Formats File System...
[[0;32m  OK  [0m] Mounted Arbitrary Executable File Formats File System.
[[0;32m  OK  [0m] Started AppArmor initialization.
         Starting Load AppArmor profiles managed internally by snapd...
         Starting Initial cloud-init job (pre-networking)...
[[0;32m  OK  [0m] Started Load AppArmor profiles managed internally by snapd.
[[0;32m  OK  [0m] Started Set console font and keymap.
[   16.503986] cloud-init[798]: Cloud-init v. 23.1.2-0ubuntu0~18.04.1 running 'init-local' at Sun, 22 Jun 2025 10:10:22 +0000. Up 16.14 seconds.
[[0;32m  OK  [0m] Started Initial cloud-init job (pre-networking).
[[0;32m  OK  [0m] Reached target Network (Pre).
         Starting Network Service...
[[0;32m  OK  [0m] Started Network Service.
         Starting Wait for Network to be Configured...
         Starting Network Name Resolution...
[[0;32m  OK  [0m] Started Network Name Resolution.
[[0;32m  OK  [0m] Reached target Host and Network Name Lookups.
[[0;32m  OK  [0m] Reached target Network.
[[0;32m  OK  [0m] Started Wait for Network to be Configured.
         Starting Initial cloud-init job (metadata service crawler)...
[   18.297003] cloud-init[931]: Cloud-init v. 23.1.2-0ubuntu0~18.04.1 running 'init' at Sun, 22 Jun 2025 10:10:24 +0000. Up 18.17 seconds.
[   18.300786] cloud-init[931]: ci-info: ++++++++++++++++++++++++++++++++++++++Net device info+++++++++++++++++++++++++++++++++++++++
[   18.304508] cloud-init[931]: ci-info: +--------+-------+----------------------------+---------------+--------+-------------------+
[   18.308376] cloud-init[931]: ci-info: | Device |   Up  |          Address           |      Mask     | Scope  |     Hw-Address    |
[   18.312731] cloud-init[931]: ci-info: +--------+-------+----------------------------+---------------+--------+-------------------+
[   18.316297] cloud-init[931]: ci-info: | enp0s3 |  True |         10.0.2.15          | 255.255.255.0 | global | 02:3b:7b:b7:3b:2d |
[   18.319879] cloud-init[931]: ci-info: | enp0s3 |  True | fe80::3b:7bff:feb7:3b2d/64 |       .       |  link  | 02:3b:7b:b7:3b:2d |
[   18.323352] cloud-init[931]: ci-info: | enp0s8 | False |             .              |       .       |   .    | 08:00:27:10:8e:3f |
[   18.326836] cloud-init[931]: ci-info: |   lo   |  True |         127.0.0.1          |   255.0.0.0   |  host  |         .         |
[   18.330352] cloud-init[931]: ci-info: |   lo   |  True |          ::1/128           |       .       |  host  |         .         |
[   18.334009] cloud-init[931]: ci-info: +--------+-------+----------------------------+---------------+--------+-------------------+
[   18.338939] cloud-init[931]: ci-info: ++++++++++++++++++++++++++++Route IPv4 info+++++++++++++++++++++++++++++
[   18.344349] cloud-init[931]: ci-info: +-------+-------------+----------+-----------------+-----------+-------+
[   18.349798] cloud-init[931]: ci-info: | Route | Destination | Gateway  |     Genmask     | Interface | Flags |
[   18.355922] cloud-init[931]: ci-info: +-------+-------------+----------+-----------------+-----------+-------+
[   18.361631] cloud-init[931]: ci-info: |   0   |   0.0.0.0   | 10.0.2.2 |     0.0.0.0     |   enp0s3  |   UG  |
[   18.366988] cloud-init[931]: ci-info: |   1   |   10.0.2.0  | 0.0.0.0  |  255.255.255.0  |   enp0s3  |   U   |
[   18.372411] cloud-init[931]: ci-info: |   2   |   10.0.2.2  | 0.0.0.0  | 255.255.255.255 |   enp0s3  |   UH  |
[   18.377662] cloud-init[931]: ci-info: +-------+-------------+----------+-----------------+-----------+-------+
[   18.383224] cloud-init[931]: ci-info: +++++++++++++++++++Route IPv6 info+++++++++++++++++++
[   18.388388] cloud-init[931]: ci-info: +-------+-------------+---------+-----------+-------+
[   18.394017] cloud-init[931]: ci-info: | Route | Destination | Gateway | Interface | Flags |
[   18.398938] cloud-init[931]: ci-info: +-------+-------------+---------+-----------+-------+
[   18.403920] cloud-init[931]: ci-info: |   1   |  fe80::/64  |    ::   |   enp0s3  |   U   |
[   18.409092] cloud-init[931]: ci-info: |   3   |    local    |    ::   |   enp0s3  |   U   |
[   18.414272] cloud-init[931]: ci-info: |   4   |   ff00::/8  |    ::   |   enp0s3  |   U   |
[   18.418972] cloud-init[931]: ci-info: +-------+-------------+---------+-----------+-------+
[   19.208582] cloud-init[931]: Generating public/private rsa key pair.
[   19.211082] cloud-init[931]: Your identification has been saved in /etc/ssh/ssh_host_rsa_key.
[   19.214125] cloud-init[931]: Your public key has been saved in /etc/ssh/ssh_host_rsa_key.pub.
[   19.216884] cloud-init[931]: The key fingerprint is:
[   19.219789] cloud-init[931]: SHA256:nrjud8JdIRvqzGT7kMAcjbBGUhh4U2wfmQ1A9qGxaXo root@ubuntu-bionic
[   19.222765] cloud-init[931]: The key's randomart image is:
[   19.224740] cloud-init[931]: +---[RSA 2048]----+
[   19.226767] cloud-init[931]: | .oBX.o=         |
[   19.228502] cloud-init[931]: |. ++oO++.        |
[   19.229978] cloud-init[931]: | . oB.+..        |
[   19.231467] cloud-init[931]: |   + o..  o .    |
[   19.232939] cloud-init[931]: |  . E + S. + .   |
[   19.234706] cloud-init[931]: |   .   ++o. .    |
[   19.236272] cloud-init[931]: |      .B=o .     |
[   19.237770] cloud-init[931]: |       .O.o      |
[   19.239427] cloud-init[931]: |     o+. +.      |
[   19.241127] cloud-init[931]: +----[SHA256]-----+
[   19.242780] cloud-init[931]: Generating public/private dsa key pair.
[   19.244964] cloud-init[931]: Your identification has been saved in /etc/ssh/ssh_host_dsa_key.
[   19.247584] cloud-init[931]: Your public key has been saved in /etc/ssh/ssh_host_dsa_key.pub.
[   19.250286] cloud-init[931]: The key fingerprint is:
[   19.251940] cloud-init[931]: SHA256:6sRStlkQv6l0187SnljigAjn9lEEFthLljHPZHEZneo root@ubuntu-bionic
[   19.254843] cloud-init[931]: The key's randomart image is:
[   19.256504] cloud-init[931]: +---[DSA 1024]----+
[   19.257958] cloud-init[931]: |     oB++.o+ .   |
[   19.259606] cloud-init[931]: |    ..=X .. o    |
[   19.261338] cloud-init[931]: |     o..=  .     |
[   19.263007] cloud-init[931]: |      .o o..     |
[   19.264855] cloud-init[931]: |  . . + S.. .    |
[   19.266697] cloud-init[931]: |   + * X .E+     |
[   19.268464] cloud-init[931]: |    = X . o =    |
[   19.270254] cloud-init[931]: |   . = . o * .   |
[   19.271956] cloud-init[931]: |      o   o o    |
[   19.273650] cloud-init[931]: +----[SHA256]-----+
[   19.275470] cloud-init[931]: Generating public/private ecdsa key pair.
[   19.277838] cloud-init[931]: Your identification has been saved in /etc/ssh/ssh_host_ecdsa_key.
[   19.280980] cloud-init[931]: Your public key has been saved in /etc/ssh/ssh_host_ecdsa_key.pub.
[   19.283860] cloud-init[931]: The key fingerprint is:
[   19.285886] cloud-init[931]: SHA256:01PBArSoQ13S1vpDp0FL3K7X7L0khh5Modsa+LuHCZ0 root@ubuntu-bionic
[   19.288925] cloud-init[931]: The key's randomart image is:
[   19.290920] cloud-init[931]: +---[ECDSA 256]---+
[   19.292560] cloud-init[931]: |      .o++ o.    |
[   19.294272] cloud-init[931]: |     . +o.* o.   |
[   19.295890] cloud-init[931]: |    . o..+ =.    |
[   19.297657] cloud-init[931]: |   . .  ..=.+    |
[   19.299299] cloud-init[931]: |    o   S++* o   |
[   19.300918] cloud-init[931]: |     . ..EX.o o  |
[   19.320675] cloud-init[931]: |       ..ooB + o |
[   19.322407] cloud-init[931]: |        .o+.o + .|
[   19.324437] cloud-init[931]: |         =+.   ..|
[   19.326217] cloud-init[931]: +----[SHA256]-----+
[   19.327969] cloud-init[931]: Generating public/private ed25519 key pair.
[   19.330163] cloud-init[931]: Your identification has been saved in /etc/ssh/ssh_host_ed25519_key.
[   19.333669] cloud-init[931]: Your public key has been saved in /etc/ssh/ssh_host_ed25519_key.pub.
[   19.336391] cloud-init[931]: The key fingerprint is:
[   19.338009] cloud-init[931]: SHA256:IeZFq/+gBumUQ4IuZEXtqaS1nd/Q8ZL8QcGVhK0/mgw root@ubuntu-bionic
[   19.341318] cloud-init[931]: The key's randomart image is:
[   19.343104] cloud-init[931]: +--[ED25519 256]--+
[   19.344853] cloud-init[931]: |  ...   . . =o.  |
[   19.346415] cloud-init[931]: |   . . . . + o   |
[   19.348158] cloud-init[931]: | .. . + +   o    |
[   19.349677] cloud-init[931]: |.o.o.= + o o     |
[   19.363393] cloud-init[931]: |+ +o+o+ S = .    |
[   19.365220] cloud-init[931]: |.o o*o o E o o   |
[   19.366912] cloud-init[931]: |.  o o. = = + .  |
[   19.368575] cloud-init[931]: |    . .o + =     |
[   19.370405] cloud-init[931]: |     ..   .      |
[   19.372024] cloud-init[931]: +----[SHA256]-----+
[[0;32m  OK  [0m] Started Initial cloud-init job (metadata service crawler).
[[0;32m  OK  [0m] Reached target Network is Online.
         Starting Availability of block devices...
[[0;32m  OK  [0m] Reached target Remote File Systems (Pre).
[[0;32m  OK  [0m] Reached target Remote File Systems.
[[0;32m  OK  [0m] Reached target Cloud-config availability.
[[0;32m  OK  [0m] Reached target System Initialization.
         Starting LXD - unix socket.
[[0;32m  OK  [0m] Listening on ACPID Listen Socket.
[[0;32m  OK  [0m] Started Daily apt download activities.
[[0;32m  OK  [0m] Listening on UUID daemon activation socket.
[[0;32m  OK  [0m] Started Daily Cleanup of Temporary Directories.
[[0;32m  OK  [0m] Listening on Open-iSCSI iscsid Socket.
[[0;32m  OK  [0m] Started Discard unused blocks once a week.
[[0;32m  OK  [0m] Started Message of the Day.
[[0;32m  OK  [0m] Started Ubuntu Advantage Timer for running repeated jobs.
[[0;32m  OK  [0m] Started ACPI Events Check.
[[0;32m  OK  [0m] Reached target Paths.
[[0;32m  OK  [0m] Listening on cloud-init hotplug hook socket.
[[0;32m  OK  [0m] Started Daily apt upgrade and clean activities.
         Starting Socket activation for snappy daemon.
[[0;32m  OK  [0m] Listening on D-Bus System Message Bus Socket.
[[0;32m  OK  [0m] Reached target Timers.
[[0;32m  OK  [0m] Started Availability of block devices.
[[0;32m  OK  [0m] Listening on LXD - unix socket.
[[0;32m  OK  [0m] Listening on Socket activation for snappy daemon.
[[0;32m  OK  [0m] Reached target Sockets.
[[0;32m  OK  [0m] Reached target Basic System.
         Starting Accounts Service...
[[0;32m  OK  [0m] Started Regular background program processing daemon.
         Starting LSB: automatic crash report generation...
         Starting Login Service...
         Starting LXD - container startup/shutdown...
         Starting Dispatcher daemon for systemd-networkd...
         Starting Permit User Sessions...
[[0;32m  OK  [0m] Started FUSE filesystem for LXC.
         Starting Snap Daemon...
         Starting System Logging Service...
[[0;32m  OK  [0m] Started irqbalance daemon.
         Starting Pollinate to seed the pseudo random number generator...
         Starting LSB: Record successful boot for GRUB...
         Starting Virtualbox guest utils...
[[0;32m  OK  [0m] Started Deferred execution scheduler.
[[0;32m  OK  [0m] Started D-Bus System Message Bus.
[[0;32m  OK  [0m] Started Login Service.
[[0;32m  OK  [0m] Started Unattended Upgrades Shutdown.
[[0;32m  OK  [0m] Reached target Login Prompts (Pre).
[[0;32m  OK  [0m] Started System Logging Service.
[[0;32m  OK  [0m] Started LXD - container startup/shutdown.
[[0;32m  OK  [0m] Started Permit User Sessions.
         Starting Hold until boot process finishes up...
         Starting Terminate Plymouth Boot Screen...
[[0;32m  OK  [0m] Started Hold until boot process finishes up.
[[0;32m  OK  [0m] Started Terminate Plymouth Boot Screen.
         Starting Set console scheme...
[[0;32m  OK  [0m] Started Serial Getty on ttyS0.
[[0;32m  OK  [0m] Started LSB: automatic crash report generation.
[[0;32m  OK  [0m] Started Set console scheme.
[[0;32m  OK  [0m] Created slice system-getty.slice.
[[0;32m  OK  [0m] Started Getty on tty1.
[[0;32m  OK  [0m] Reached target Login Prompts.
         Starting Authorization Manager...
[[0;32m  OK  [0m] Started LSB: Record successful boot for GRUB.
[[0;32m  OK  [0m] Started Virtualbox guest utils.
[[0;32m  OK  [0m] Started Authorization Manager.
[[0;32m  OK  [0m] Started Accounts Service.
[[0;32m  OK  [0m] Started Dispatcher daemon for systemd-networkd.
[[0;32m  OK  [0m] Started Snap Daemon.
         Starting Wait until snapd is fully seeded...
[[0;32m  OK  [0m] Started Pollinate to seed the pseudo random number generator.
         Starting OpenBSD Secure Shell server...
[[0;32m  OK  [0m] Started OpenBSD Secure Shell server.
[[0;32m  OK  [0m] Created slice User Slice of vagrant.
         Starting User Manager for UID 1000...
[[0;32m  OK  [0m] Started Session 1 of user vagrant.
[[0;32m  OK  [0m] Started User Manager for UID 1000.
         Starting Time & Date Service...
[[0;32m  OK  [0m] Started Time & Date Service.
[[0;32m  OK  [0m] Started Wait until snapd is fully seeded.
         Starting Apply the settings specified in cloud-config...
[   24.480932] cloud-init[1659]: Cloud-init v. 23.1.2-0ubuntu0~18.04.1 running 'modules:config' at Sun, 22 Jun 2025 10:10:30 +0000. Up 24.08 seconds.
[[0;32m  OK  [0m] Started Apply the settings specified in cloud-config.
[[0;32m  OK  [0m] Reached target Multi-User System.
[[0;32m  OK  [0m] Reached target Graphical Interface.
         Starting Update UTMP about System Runlevel Changes...
         Starting Execute cloud user/final scripts...
[[0;32m  OK  [0m] Started Update UTMP about System Runlevel Changes.
ci-info: no authorized SSH keys fingerprints found for user ubuntu.
<14>Jun 22 10:10:31 cloud-init: #############################################################
<14>Jun 22 10:10:31 cloud-init: -----BEGIN SSH HOST KEY FINGERPRINTS-----
<14>Jun 22 10:10:31 cloud-init: 1024 SHA256:6sRStlkQv6l0187SnljigAjn9lEEFthLljHPZHEZneo root@ubuntu-bionic (DSA)
<14>Jun 22 10:10:31 cloud-init: 256 SHA256:01PBArSoQ13S1vpDp0FL3K7X7L0khh5Modsa+LuHCZ0 root@ubuntu-bionic (ECDSA)
<14>Jun 22 10:10:31 cloud-init: 256 SHA256:IeZFq/+gBumUQ4IuZEXtqaS1nd/Q8ZL8QcGVhK0/mgw root@ubuntu-bionic (ED25519)
<14>Jun 22 10:10:31 cloud-init: 2048 SHA256:nrjud8JdIRvqzGT7kMAcjbBGUhh4U2wfmQ1A9qGxaXo root@ubuntu-bionic (RSA)
<14>Jun 22 10:10:31 cloud-init: -----END SSH HOST KEY FINGERPRINTS-----
<14>Jun 22 10:10:31 cloud-init: #############################################################
-----BEGIN SSH HOST KEY KEYS-----
ecdsa-sha2-nistp256 AAAAE2VjZHNhLXNoYTItbmlzdHAyNTYAAAAIbmlzdHAyNTYAAABBBNzPnFhvzVvYVwymMy7HjfM6/uIDwoytK+rAUNSe/Pm4PGQEgwAHB09a0mF9jl+IAsILIO/mfFgp7O8DQ9SQe1E= root@ubuntu-bionic
ssh-ed25519 AAAAC3NzaC1lZDI1NTE5AAAAIKktTGBpYLrek8tj974o7UGYMl4iwK+WMv5bROf3r3uf root@ubuntu-bionic
ssh-rsa AAAAB3NzaC1yc2EAAAADAQABAAABAQDw96dw7HeNiiF8sK2VisQOfX2RlEEAXKTRt1atWGWpFxYdC8ivWsHtBzOj7iFx9lG7Ddq4mt27BN5xp/FUr/VSMxpIQzMHEvRq+/HWaWhiyHDOHOS/QFx8KH7EUDDcMmdK3CER5+b7f7X7OTgWXgWDAPEnB8WvFY7qR2by+ybDvLyChfChKPlTUaZcw4M/j81ucmqoZ0LDtsUdGuVeH80WBggB7wv4JQSPBVr3XzvbJb0vVcEiRZJdsQ6G84ru/7rAlU77Ju1lWK0Kp8LE5sTn1uOWh1zzbxyqJGjpzYCVnoDEgKZ186ppMgW3U4vcy4ks3aZ9pL1fGE5ifnm3xSUz root@ubuntu-bionic
-----END SSH HOST KEY KEYS-----
[   25.117969] cloud-init[1781]: Cloud-init v. 23.1.2-0ubuntu0~18.04.1 running 'modules:final' at Sun, 22 Jun 2025 10:10:31 +0000. Up 24.88 seconds.
[   25.122997] cloud-init[1781]: Cloud-init v. 23.1.2-0ubuntu0~18.04.1 finished at Sun, 22 Jun 2025 10:10:31 +0000. Datasource DataSourceNoCloud [seed=/dev/sdb][dsmode=net].  Up 25.11 seconds

Ubuntu 18.04.6 LTS ubuntu-bionic ttyS0

ubuntu-bionic login:          Stopping User Manager for UID 1000...
         Stopping Availability of block devices...
[[0;32m  OK  [0m] Closed Load/Save RF Kill Switch Status /dev/rfkill Watch.
[[0;32m  OK  [0m] Stopped target Timers.
[[0;32m  OK  [0m] Stopped Daily apt upgrade and clean activities.
[[0;32m  OK           Stopping Authorization Manager...
[[0;32m  OK  [0m] Closed Load/Save RF Kill Switch Status /dev/rfkill Watch.
[[0;32m  OK  [0m] Stopped target Host and Network Name Lookups.
[[0;32m  OK  [0m] Stopped target Timers.
[[0;32m  OK  [0m] Stopped Ubuntu Advantage Timer for running repeated jobs.
[[0;32m  OK  [0m] Stopped Message of the Day.
[[0;32m  OK  [0m] Stopped target Cloud-init target.
[[0;32m  OK  [0m] Stopped Daily Cleanup of Temporary Directories.
[[0;32m  OK  [0m] Stopped Daily apt upgrade and clean activities.
         Stopping Availability of block devices...
         Stopping User Manager for UID 1000...
[[0;32m  OK  [0m] Stopped Execute cloud user/final scripts.
[[0;32m  OK  [0m] Stopped Apply the settings specified in cloud-config.
[[0;32m  OK  [0m] Stopped target Cloud-config availability.
[[0;32m  OK  [0m] Stopped Daily apt download activities.
[[0;32m  OK  [0m] Stopped target Graphical Interface.
         Stopping Accounts Service...
[[0;32m  OK  [0m] Stopped target Multi-User System.
         Stopping Dispatcher daemon for systemd-networkd...
         Stopping Virtualbox guest utils...
         Stopping FUSE filesystem for LXC...
[[0;32m  OK  [0m] Stopped Wait until snapd is fully seeded.
         Stopping LSB: Record successful boot for GRUB...
         Stopping irqbalance daemon...
         Stopping Ubuntu FAN network setup...
         Stopping Deferred execution scheduler...
         Stopping D-Bus System Message Bus...
         Stopping LXD - container startup/shutdown...
         Stopping OpenBSD Secure Shell server...
[[0;32m  OK  [0m] Stopped target Login Prompts.
         Stopping Getty on tty1...
         Stopping Serial Getty on ttyS0...
         Stopping System Logging Service...
         Stopping Regular background program processing daemon...
         Stopping LSB: automatic crash report generation...
         Stopping Docker Application Container Engine...
         Stopping Session 10 of user vagrant.
[[0;32m  OK  [0m] Stopped Discard unused blocks once a week.
[[0;32m  OK  [0m] Stopped target System Time Synchronized.
[[0;32m  OK  [0m] Unmounted /var/lib/lxcfs.
[[0;32m  OK  [0m] Stopped Deferred execution scheduler.
[[0;32m  OK  [0m] Stopped Regular background program processing daemon.
[[0;32m  OK  [0m] Stopped System Logging Service.
[[0;32m  OK  [0m] Stopped Dispatcher daemon for systemd-networkd.
[[0;32m  OK  [0m] Stopped irqbalance daemon.
[[0;32m  OK  [0m] Stopped Accounts Service.
[[0;32m  OK  [0m] Stopped Serial Getty on ttyS0.
[[0;32m  OK  [0m] Stopped Authorization Manager.
[[0;32m  OK  [0m] Stopped Getty on tty1.
[[0;32m  OK  [0m] Stopped OpenBSD Secure Shell server.
[[0;32m  OK  [0m] Stopped User Manager for UID 1000.
[[0;32m  OK  [0m] Stopped Availability of block devices.
[[0;32m  OK  [0m] Stopped D-Bus System Message Bus.
[[0;32m  OK  [0m] Stopped FUSE filesystem for LXC.
[[0;32m  OK  [0m] Stopped Session 10 of user vagrant.
[[0;32m  OK  [0m] Removed slice User Slice of vagrant.
         Stopping Login Service...
[[0;32m  OK  [0m] Removed slice system-getty.slice.
[[0;32m  OK  [0m] Stopped target Login Prompts (Pre).
         Stopping Permit User Sessions...
[[0;32m  OK  [0m] Removed slice system-serial\x2dgetty.slice.
[[0;32m  OK  [0m] Stopped Ubuntu FAN network setup.
[[0;32m  OK  [0m] Stopped Permit User Sessions.
[[0;32m  OK  [0m] Stopped LXD - container startup/shutdown.
[[0;32m  OK  [0m] Stopped LSB: automatic crash report generation.
[[0;32m  OK  [0m] Stopped target Remote File Systems.
         Unmounting /vagrant...
         Unmounting /vagrant_data...
[[0;32m  OK  [0m] Stopped Virtualbox guest utils.
[[0;32m  OK  [0m] Stopped LSB: Record successful boot for GRUB.
[[0;32m  OK  [0m] Unmounted /vagrant.
[[0;32m  OK  [0m] Unmounted /run/docker/netns/1-xiu9wwvg8y.
[[0;32m  OK  [0m] Stopped Login Service.
[[0;32m  OK  [0m] Unmounted /vagrant_data.
[[0;32m  OK  [0m] Stopped target Remote File Systems (Pre).
[[0;32m  OK  [0m] Stopped target User and Group Name Lookups.
[[0;32m  OK  [0m] Unmounted /run/docker/netns/ingress_sbox.
[[0;32m  OK  [0m] Stopped Docker Application Container Engine.
[[0;32m  OK  [0m] Stopped target Network is Online.
         Stopping containerd container runtime...
[[0;32m  OK  [0m] Stopped containerd container runtime.
[[0;32m  OK  [0m] Stopped target Basic System.
[[0;32m  OK  [0m] Stopped target Slices.
[[0;32m  OK  [0m] Removed slice User and Session Slice.
[[0;32m  OK  [0m] Stopped target Sockets.
[[0;32m  OK  [0m] Closed UUID daemon activation socket.
[[0;32m  OK  [0m] Closed LXD - unix socket.
[[0;32m  OK  [0m] Closed D-Bus System Message Bus Socket.
[[0;32m  OK  [0m] Closed Socket activation for snappy daemon.
[[0;32m  OK  [0m] Closed Open-iSCSI iscsid Socket.
[[0;32m  OK  [0m] Closed Docker Socket for the API.
[[0;32m  OK  [0m] Closed ACPID Listen Socket.
[[0;32m  OK  [0m] Closed Syslog Socket.
[[0;32m  OK  [0m] Closed cloud-init hotplug hook socket.
[[0;32m  OK  [0m] Stopped target Paths.
[[0;32m  OK  [0m] Stopped ACPI Events Check.
[[0;32m  OK  [0m] Stopped target System Initialization.
[[0;32m  OK  [0m] Stopped Initial cloud-init job (metadata service crawler).
         Stopping Update UTMP about System Boot/Shutdown...
         Stopping Load/Save Random Seed...
[[0;32m  OK  [0m] Stopped Commit a transient machine-id on disk.
[[0;32m  OK  [0m] Stopped target Local Encrypted Volumes.
[[0;32m  OK  [0m] Stopped Forward Password Requests to Wall Directory Watch.
[[0;32m  OK  [0m] Stopped Dispatch Password Requests to Console Directory Watch.
[[0;32m  OK  [0m] Stopped target Network.
         Stopping Network Name Resolution...
[[0;32m  OK  [0m] Stopped Update UTMP about System Boot/Shutdown.
[[0;32m  OK  [0m] Stopped Load/Save Random Seed.
[[0;32m  OK  [0m] Stopped Network Name Resolution.
         Stopping Network Service...
[[0;32m  OK  [0m] Stopped Create Volatile Files and Directories.
[[0;32m  OK  [0m] Stopped target Local File Systems.
[[0;32m  OK  [0m] Stopped target Mounted snaps.
[[0;32m  OK  [0m] Stopped target Mounting snaps.
         Unmounting /run/user/1000...
[[0;32m  OK  [0m] Unmounted /run/user/1000.
[[0;32m  OK  [0m] Reached target Unmount All Filesystems.
[[0;32m  OK  [0m] Stopped target Local File Systems (Pre).
         Stopping Monitoring of LVM2 mirrorsâ€¦ng dmeventd or progress polling...
[[0;32m  OK  [0m] Stopped Create Static Device Nodes in /dev.
[[0;32m  OK  [0m] Stopped target Swap.
[[0;32m  OK  [0m] Stopped Monitoring of LVM2 mirrors,â€¦sing dmeventd or progress polling.
         Stopping LVM2 metadata daemon...
[[0;32m  OK  [0m] Stopped LVM2 metadata daemon.
[[0;32m  OK  [0m] Stopped Network Service.
[[0;32m  OK  [0m] Stopped Apply Kernel Variables.
[[0;32m  OK  [0m] Stopped Load Kernel Modules.
[[0;32m  OK  [0m] Stopped target Network (Pre).
[[0;32m  OK  [0m] Stopped Initial cloud-init job (pre-networking).
[[0;32m  OK  [0m] Stopped Remount Root and Kernel File Systems.
[[0;32m  OK  [0m] Reached target Shutdown.
[[0;32m  OK  [0m] Reached target Final Step.
         Starting Power-Off...
[ 1623.151258] reboot: Power down
